// Jest Snapshot v1, https://goo.gl/fbAQLP

exports[`render the project page 1`] = `
<div
  className="container mx-auto px-8 py-6"
>
  <div
    className="grid grid-cols-1 sm:grid-cols-1 md:grid-cols-2 gap-8  p-3"
  >
    <div
      className="flex flex-col p-3 "
    >
      <img
        alt="project"
        className="sm:h-48 sm:w-auto md:w-auto lg:w-80  rounded"
        src="https://retaintechnologies.com/wp-content/uploads/2020/04/Project-Management-Mantenimiento-1.jpg"
      />
      <h1
        className="text-center sm:text-center md:text-left lg:text-left text-2xl text-blue-500 py-3 font-normal"
      >
        Clean Environment
      </h1>
      <span
        className="text-sm text-center sm:text-center md:text-left lg:text-left"
      >
        Mar 12 2020
      </span>
      <span
        className="text-center sm:text-center md:text-left lg:text-left pb-4"
      >
        Part-Time
      </span>
      <div
        className="flex flex-col items-center lg:flex md:flex"
      >
         You can load project details such as the project name, classification, and type, as well as the start and end dates, to existing and new projects. You load project details to existing projects by using a data file with the same format as the ProjectDetails.csv data load file
        <div
          className="flex w-60 justify-between pt-8"
        >
          <div
            className="flex flex-col"
          >
            <span
              className="flex flex-col text-2xl text-blue-700 "
            >
              495
               
              <span
                className="text-xs text-gray-400 "
              >
                Applicants
              </span>
            </span>
          </div>
          <button
            className="w-28 h-10 border bg-purple-500 px-8 rounded-full flex items-center justify-center text-white text-sm font-bold hover:text-purple-500 hover:bg-purple-300 hover:border hover:border-purple-500"
            type="button"
          >
            Apply
          </button>
        </div>
      </div>
    </div>
    <div
      className="md:flex md:flex-col md:justify-center p-3 md:pt-28 "
    >
      <p>
        <span
          className="text-blue-600 font-bold"
        >
          Skills: 
        </span>
        Public speaking
        Teaching
         Good communication
      </p>
      <p>
        <span
          className="text-blue-600 font-bold"
        >
          Address: 
        </span>
        16 Woodlawn Terrace, Waterbury, ct, 6310 United States
      </p>
    </div>
  </div>
  <div
    className=" px-6"
  >
    <div
      className="hidden md:grid sm:hidden lg:grid lg:grid-cols-3 md:grid-cols-3 grid-cols-1  items-center py-1 px-2 "
    >
      <span
        className="text-blue-500 text-2xl font-thin "
      >
        Applicants
      </span>
      <span
        className="text-blue-500"
      >
        Name
      </span>
      <span
        className="text-blue-500 justify-self-end pr-5"
      >
        Status
      </span>
    </div>
    <span
      className="text-blue-500 text-2xl font-thin md:hidden lg:hidden justify-center flex"
    >
      Applicants
    </span>
    <hr
      className="h-0.5 bg-gray-400 rounded-full my-2 "
    />
    <div>
      <div
        className="grid lg:grid-cols-3 items-center  pb-2 px-2 md:grid-cols-3  grid-cols-1  md:justify-items-center justify-items-center lg:justify-items-start  gap-5"
      >
        <div
          className="lg:h-20 lg:w-20 md:h-20 md:w-20 h-32 w-32 rounded-full bg-gray-300"
        />
        <div
          className="flex flex-col"
        >
          <span
            className="text-gray-500 text-lg"
          >
            Emily Jonsen
          </span>
          <span
            className="text-gray-400 text-sm"
          >
            Manager at Company
          </span>
        </div>
        <div
          className="lg:justify-self-end md:justify-self-end pr-5"
        >
          <span
            className="text-green-500 "
          >
            Accepted
          </span>
        </div>
      </div>
      <hr
        className="h-0.5 bg-gray-400 rounded-full my-2"
      />
    </div>
    <div>
      <div
        className="grid lg:grid-cols-3 items-center  pb-2 px-2 md:grid-cols-3  grid-cols-1  md:justify-items-center justify-items-center lg:justify-items-start  gap-5"
      >
        <div
          className="lg:h-20 lg:w-20 md:h-20 md:w-20 h-32 w-32 rounded-full bg-gray-300"
        />
        <div
          className="flex flex-col"
        >
          <span
            className="text-gray-500 text-lg"
          >
            Sara Bush
          </span>
          <span
            className="text-gray-400 text-sm"
          >
            Author at Company
          </span>
        </div>
        <div
          className="lg:justify-self-end md:justify-self-end pr-5"
        >
          <span
            className="text-red-500 "
          >
            Rejected
          </span>
        </div>
      </div>
      <hr
        className="h-0.5 bg-gray-400 rounded-full my-2"
      />
    </div>
    <div>
      <div
        className="grid lg:grid-cols-3 items-center  pb-2 px-2 md:grid-cols-3  grid-cols-1  md:justify-items-center justify-items-center lg:justify-items-start  gap-5"
      >
        <div
          className="lg:h-20 lg:w-20 md:h-20 md:w-20 h-32 w-32 rounded-full bg-gray-300"
        />
        <div
          className="flex flex-col"
        >
          <span
            className="text-gray-500 text-lg"
          >
            Hilary Amber
          </span>
          <span
            className="text-gray-400 text-sm"
          >
            Cashier at Company
          </span>
        </div>
        <div
          className="lg:justify-self-end md:justify-self-end pr-5"
        >
          <div
            className="lg:justify-self-end md:justify-self-end  flex gap-5"
          >
            <button
              className="text-green-500 border border-green-400 px-2 hover:bg-green-400 hover:text-white"
              type="button"
            >
              <svg
                className="h-6 w-6"
                fill="none"
                stroke="currentColor"
                strokeWidth={2}
                viewBox="0 0 24 24"
                xmlns="http://www.w3.org/2000/svg"
              >
                <path
                  d="M5 13l4 4L19 7"
                  strokeLinecap="round"
                  strokeLinejoin="round"
                />
              </svg>
            </button>
            <button
              className="text-red-500 border border-red-400 px-2 hover:bg-red-400 hover:text-white"
              type="button"
            >
              <svg
                className="h-6 w-6"
                fill="none"
                stroke="currentColor"
                strokeWidth={2}
                viewBox="0 0 24 24"
                xmlns="http://www.w3.org/2000/svg"
              >
                <path
                  d="M6 18L18 6M6 6l12 12"
                  strokeLinecap="round"
                  strokeLinejoin="round"
                />
              </svg>
            </button>
          </div>
        </div>
      </div>
      <hr
        className="h-0.5 bg-gray-400 rounded-full my-2"
      />
    </div>
  </div>
</div>
`;
