// Jest Snapshot v1, https://goo.gl/fbAQLP

exports[`render the Navbar 1`] = `
<nav
  className="bg-purple-600"
>
  <div
    className="max-w-7xl mx-auto px-2 sm:px-6 lg:px-8"
  >
    <div
      className="relative flex items-center justify-between h-16"
    >
      <div
        className="absolute inset-y-0 left-0 flex items-center md:absolute sm:absolute lg:hidden"
      >
        <button
          aria-expanded={false}
          className="inline-flex items-center justify-center p-2 rounded-md text-gray-700 hover:text-white hover:bg-gray-700 focus:outline-none focus:ring-2 focus:ring-inset focus:ring-white"
          id="headlessui-disclosure-button-undefined"
          onClick={[Function]}
          onKeyDown={[Function]}
          onKeyUp={[Function]}
          type="button"
        >
          <span
            className="sr-only"
          >
            Open main menu
          </span>
          <svg
            aria-hidden="true"
            className="block h-6 w-6"
            fill="none"
            stroke="currentColor"
            strokeWidth={2}
            viewBox="0 0 24 24"
            xmlns="http://www.w3.org/2000/svg"
          >
            <path
              d="M4 6h16M4 12h16M4 18h16"
              strokeLinecap="round"
              strokeLinejoin="round"
            />
          </svg>
        </button>
      </div>
      <div
        className="flex-1 flex items-center justify-center sm:items-stretch sm:justify-start lg:items-center"
      >
        <a
          href="/home"
          onClick={[Function]}
        >
          <div
            className="flex-shrink-0 hidden gap-2 items-center justify-between bg-purple-900 px-3 py-2 rounded-md md:flex md:ml-16 lg:ml-0 lg:flex sm:hidden"
          >
            <img
              alt="valuntera"
              className=" block h-8  w-auto rounded-md"
              src="logov.png"
            />
            <span
              className="text-2xl text-white font-semibold"
            >
              Valuntera
            </span>
          </div>
        </a>
        <div
          className="hidden lg:block md:hidden sm:hidden sm:ml-6"
        >
          <div
            className="flex items-center md:items-center space-x-4"
          >
            <a
              className="text-white  hover:text-purple-900  rounded-md text-md font-medium"
              href="/home"
              onClick={[Function]}
            >
              Home
            </a>
            <a
              className="text-white  hover:text-purple-900 px-3 py-2 rounded-md text-md font-medium"
              href="/about"
              onClick={[Function]}
            >
              About
            </a>
            <a
              className="text-white hover:text-purple-900 px-3 py-2 rounded-md text-md font-medium"
              href="/contact"
              onClick={[Function]}
            >
              Contact
            </a>
            <a
              className="text-white hover:text-purple-900 px-3 py-2 rounded-md text-md font-medium"
              href="/project"
              onClick={[Function]}
            >
              Project
            </a>
          </div>
        </div>
      </div>
      <div
        className="absolute inset-y-0 right-0 flex items-center pr-2 sm:static sm:inset-auto sm:ml-6 sm:pr-0"
      >
        <input
          className="hidden rounded-full outline-none px-3 w-60 text-lg md:hidden sm:hidden lg:block bg-purple-600 border text-white"
          placeholder="Search here"
          type="text"
        />
        <div
          className="ml-3 relative"
        >
          <a
            href="/signup"
            onClick={[Function]}
          >
            <button
              className="text-white px-5 py-2 bg-purple-900 rounded-md flex items-center  font-semibold hover:text-gray-400"
              type="button"
            >
              Sign up
            </button>
          </a>
        </div>
      </div>
    </div>
  </div>
</nav>
`;
