// Jest Snapshot v1, https://goo.gl/fbAQLP

exports[`render the Userprofile page 1`] = `
<div
  className="max-w-7xl mx-auto px-2 sm:px-6 lg:px-8"
>
  <div
    className="grid grid-cols-1 gap-5 py-5 "
  >
    <div
      className=" py-2 pl-2 grid lg:grid-cols-3 md:grid-cols-3 sm:grid-cols-3 grid-cols-1 gap-4 items-center place-items-center "
    >
      <div
        className="col-span-2 order-1 sm:order-none px-5"
      >
        <h1
          className="text-blue-500 text-2xl py-2 lg:text-3xl"
        >
           
        </h1>
        <div
          className="text-md"
        >
          <p>
            <strong>
              Username: 
            </strong>
             
          </p>
          <p>
            <strong>
              User Type: 
            </strong>
             
          </p>
          <p>
            <strong>
              Date of Birth: 
            </strong>
             
            05/04/2022
          </p>
          <p>
            <strong>
              email: 
            </strong>
             
          </p>
          <p>
            <strong>
              phone: 
            </strong>
             
            N/A
          </p>
        </div>
        <p
          className="mt-3 flex flex-wrap gap-1"
        >
          <strong
            className="text-lg text-blue-500 mr-2"
          >
            <div>
              Description:
               
              <span
                className="text-slate-500 text-md font-normal"
              />
            </div>
          </strong>
        </p>
      </div>
      <div
        className="w-48 h-48 lg:w-52 lg:h-52 md:w-52 md:h-52 rounded-full  border-2 p-1 col-span-1"
      >
        <img
          alt="somethine"
          className="rounded-full"
          src="https://i.pinimg.com/280x280_RS/2e/45/66/2e4566fd829bcf9eb11ccdb5f252b02f.jpg"
        />
      </div>
    </div>
    <div
      className="hidden"
    >
      <div
        className="relative p-4 w-full max-w-2xl h-full md:h-auto"
      >
        <div
          className="relative bg-white rounded-lg shadow "
        >
          <div
            className="flex justify-between items-start p-5 rounded-t border-b "
          >
            <h3
              className="text-xl font-semibold text-gray-900 lg:text-2xl "
            >
              Add new project
            </h3>
            <div
              className="Toastify"
            />
          </div>
          <div
            className="p-6 space-y-6"
          >
            <form
              onSubmit={[Function]}
            >
              <label
                className="mb-3 w-full group 300"
                htmlFor="title"
              >
                Title
                <input
                  className=" py-1 outline-none px-0 w-full text-sm text-gray-900 bg-transparent border-0 border-b-2 border-gray-300  200"
                  name="title"
                  onChange={[Function]}
                  placeholder="title "
                  required={true}
                  type="text"
                />
              </label>
              <div
                className="grid xl:grid-cols-2 xl:gap-6 mb-4 mt-5"
              >
                <label
                  className="mb-1 w-full group 300"
                  htmlFor="type"
                >
                  Type
                  <input
                    className=" py-1 outline-none px-0 w-full text-sm text-gray-900 bg-transparent border-0 border-b-2 border-gray-300 200 "
                    name="type"
                    onChange={[Function]}
                    placeholder=" part-time"
                    required={true}
                    type="text"
                  />
                </label>
                <label
                  className="mb-1 w-full flex items-center gap-3 300 "
                  htmlFor="isOpen"
                >
                  Is Open ?
                  <input
                    className=" py-1 outline-none px-0 text-sm text-gray-900 bg-transparent border-0 border-b-2 border-gray-300 "
                    name="isOpen"
                    onChange={[Function]}
                    placeholder=" "
                    required={true}
                    type="checkbox"
                  />
                </label>
              </div>
              <label
                className="mb-1 w-full group 300"
                htmlFor="necessarySkills"
              >
                Skills
                <input
                  className=" py-1 outline-none px-0 w-full text-sm text-gray-900 bg-transparent border-0 border-b-2 border-gray-300 "
                  name="necessarySkills"
                  onChange={[Function]}
                  placeholder=""
                  required={true}
                  type="text"
                />
              </label>
              <div
                className="grid xl:grid-cols-2 xl:gap-6 mb-6 mt-5"
              >
                <label
                  className="mb-1 w-full group "
                  htmlFor="address"
                >
                  Location
                  <input
                    className=" py-1 outline-none px-0 w-full text-sm text-gray-900 bg-transparent border-0 border-b-2 border-gray-300 "
                    name="address"
                    onChange={[Function]}
                    placeholder="Istanbul/ Turkey"
                    required={true}
                    type="text"
                  />
                </label>
                <label
                  className="mb-1 w-full group  "
                  htmlFor="date"
                >
                  Date
                  <input
                    className=" py-1 outline-none px-0 w-full text-sm text-gray-900 bg-transparent border-0 border-b-2 border-gray-300 "
                    name="date"
                    onChange={[Function]}
                    placeholder=" "
                    required={true}
                    type="date"
                  />
                </label>
              </div>
              <button
                className="text-white bg-blue-700 hover:bg-blue-800 focus:ring-4 focus:outline-none focus:ring-blue-300 font-medium rounded-lg text-sm w-full sm:w-auto px-5 py-2.5 text-center "
                onClick={[Function]}
                type="submit"
              >
                Add
              </button>
            </form>
          </div>
        </div>
      </div>
    </div>
    <div
      className=" px-2 py-2 text-center"
    >
      <h1
        className="text-blue-500 text-2xl text-center mb-5  pb-2"
      >
        Project Assigned
      </h1>
      <div
        className=" p-2 grid grid-cols-1 sm:grid-cols-2 lg:grid-cols-4 md:grid-cols-3 gap-5 place-items-center items-center justify-center"
      />
      <div
        className="max-w-7xl "
      >
        <span
          className="text-3xl text-slate-700 flex justify-center"
        >
          You have no projects assigned !
        </span>
      </div>
    </div>
  </div>
</div>
`;
